2026-09-09T09:53:07.233+05:30  INFO 94836 --- [Company] [main] com.example.demo.CompanyApplication      : Starting CompanyApplication using Java 17.0.12 with PID 94836 (C:\Users\saipr\git\Library\Company\target\classes started by saipr in C:\Users\saipr\git\Library\Company)
2026-09-09T09:53:07.286+05:30 DEBUG 94836 --- [Company] [main] com.example.demo.CompanyApplication      : Running with Spring Boot v3.5.5, Spring v6.2.10
2026-09-09T09:53:07.292+05:30  INFO 94836 --- [Company] [main] com.example.demo.CompanyApplication      : The following 1 profile is active: "dev"
2026-09-09T09:53:12.117+05:30  INFO 94836 --- [Company] [main] .s.d.r.c.RepositoryConfigurationDelegate : Bootstrapping Spring Data JPA repositories in DEFAULT mode.
2026-09-09T09:53:12.332+05:30  INFO 94836 --- [Company] [main] .s.d.r.c.RepositoryConfigurationDelegate : Finished Spring Data repository scanning in 162 ms. Found 1 JPA repository interface.
2026-09-09T09:53:14.807+05:30  INFO 94836 --- [Company] [main] o.s.b.w.embedded.tomcat.TomcatWebServer  : Tomcat initialized with ports 8080 (http), 8081 (http), 8082 (http)
2026-09-09T09:53:14.876+05:30  INFO 94836 --- [Company] [main] o.apache.catalina.core.StandardService   : Starting service [Tomcat]
2026-09-09T09:53:14.878+05:30  INFO 94836 --- [Company] [main] o.apache.catalina.core.StandardEngine    : Starting Servlet engine: [Apache Tomcat/10.1.44]
2026-09-09T09:53:15.198+05:30  INFO 94836 --- [Company] [main] o.a.c.c.C.[Tomcat].[localhost].[/]       : Initializing Spring embedded WebApplicationContext
2026-09-09T09:53:15.200+05:30  INFO 94836 --- [Company] [main] w.s.c.ServletWebServerApplicationContext : Root WebApplicationContext: initialization completed in 7542 ms
2026-09-09T09:53:16.328+05:30  INFO 94836 --- [Company] [main] o.hibernate.jpa.internal.util.LogHelper  : HHH000204: Processing PersistenceUnitInfo [name: default]
2026-09-09T09:53:16.513+05:30  INFO 94836 --- [Company] [main] org.hibernate.Version                    : HHH000412: Hibernate ORM core version 6.6.26.Final
2026-09-09T09:53:16.662+05:30  INFO 94836 --- [Company] [main] o.h.c.internal.RegionFactoryInitiator    : HHH000026: Second-level cache disabled
2026-09-09T09:53:17.617+05:30  INFO 94836 --- [Company] [main] o.s.o.j.p.SpringPersistenceUnitInfo      : No LoadTimeWeaver setup: ignoring JPA class transformer
2026-09-09T09:53:17.748+05:30  INFO 94836 --- [Company] [main] com.zaxxer.hikari.HikariDataSource       : CompanyHikariPool - Starting...
2026-09-09T09:53:18.386+05:30  INFO 94836 --- [Company] [main] com.zaxxer.hikari.pool.HikariPool        : CompanyHikariPool - Added connection com.mysql.cj.jdbc.ConnectionImpl@3c3cd7a5
2026-09-09T09:53:18.400+05:30  INFO 94836 --- [Company] [main] com.zaxxer.hikari.HikariDataSource       : CompanyHikariPool - Start completed.
2026-09-09T09:53:18.718+05:30  INFO 94836 --- [Company] [main] org.hibernate.orm.connections.pooling    : HHH10001005: Database info:
	Database JDBC URL [Connecting through datasource 'HikariDataSource (CompanyHikariPool)']
	Database driver: undefined/unknown
	Database version: 8.0.46
	Autocommit mode: undefined/unknown
	Isolation level: undefined/unknown
	Minimum pool size: undefined/unknown
	Maximum pool size: undefined/unknown
2026-09-09T09:53:21.366+05:30  INFO 94836 --- [Company] [main] o.h.e.t.j.p.i.JtaPlatformInitiator       : HHH000489: No JTA platform available (set 'hibernate.transaction.jta.platform' to enable JTA platform integration)
2026-09-09T09:53:22.609+05:30  INFO 94836 --- [Company] [main] j.LocalContainerEntityManagerFactoryBean : Initialized JPA EntityManagerFactory for persistence unit 'default'
2026-09-09T09:53:25.620+05:30  INFO 94836 --- [Company] [main] o.s.b.a.e.web.EndpointLinksResolver      : Exposing 14 endpoints beneath base path '/actuator'
2026-09-09T09:53:26.051+05:30  INFO 94836 --- [Company] [main] r$InitializeUserDetailsManagerConfigurer : Global AuthenticationManager configured with UserDetailsService bean with name userDetailsService
2026-09-09T09:53:27.559+05:30  INFO 94836 --- [Company] [main] o.s.b.w.embedded.tomcat.TomcatWebServer  : Tomcat started on ports 8080 (http), 8081 (http), 8082 (http) with context path '/'
2026-09-09T09:53:27.604+05:30  INFO 94836 --- [Company] [main] com.example.demo.CompanyApplication      : Started CompanyApplication in 22.093 seconds (process running for 23.363)
2026-09-09T09:59:09.226+05:30  INFO 94836 --- [Company] [http-nio-8080-exec-1] o.a.c.c.C.[Tomcat].[localhost].[/]       : Initializing Spring DispatcherServlet 'dispatcherServlet'
2026-09-09T09:59:09.309+05:30  INFO 94836 --- [Company] [http-nio-8080-exec-1] o.s.web.servlet.DispatcherServlet        : Initializing Servlet 'dispatcherServlet'
2026-09-09T09:59:09.800+05:30  INFO 94836 --- [Company] [http-nio-8080-exec-1] o.s.web.servlet.DispatcherServlet        : Completed initialization in 479 ms
2026-09-09T09:59:11.209+05:30  WARN 94836 --- [Company] [http-nio-8080-exec-1] o.a.c.util.SessionIdGeneratorBase        : Creation of SecureRandom instance for session ID generation using [SHA1PRNG] took [442] milliseconds.
2026-09-09T10:02:30.980+05:30  INFO 61164 --- [Company] [main] com.example.demo.CompanyApplication      : Starting CompanyApplication using Java 17.0.12 with PID 61164 (C:\Users\saipr\git\Library\Company\target\classes started by saipr in C:\Users\saipr\git\Library\Company)
2026-09-09T10:02:30.989+05:30 DEBUG 61164 --- [Company] [main] com.example.demo.CompanyApplication      : Running with Spring Boot v3.5.5, Spring v6.2.10
2026-09-09T10:02:30.993+05:30  INFO 61164 --- [Company] [main] com.example.demo.CompanyApplication      : The following 1 profile is active: "dev"
2026-09-09T10:02:36.387+05:30  INFO 61164 --- [Company] [main] .s.d.r.c.RepositoryConfigurationDelegate : Bootstrapping Spring Data JPA repositories in DEFAULT mode.
2026-09-09T10:02:36.722+05:30  INFO 61164 --- [Company] [main] .s.d.r.c.RepositoryConfigurationDelegate : Finished Spring Data repository scanning in 272 ms. Found 1 JPA repository interface.
2026-09-09T10:02:39.855+05:30  INFO 61164 --- [Company] [main] o.s.b.w.embedded.tomcat.TomcatWebServer  : Tomcat initialized with ports 8080 (http), 8081 (http), 8082 (http)
2026-09-09T10:02:39.927+05:30  INFO 61164 --- [Company] [main] o.apache.catalina.core.StandardService   : Starting service [Tomcat]
2026-09-09T10:02:39.943+05:30  INFO 61164 --- [Company] [main] o.apache.catalina.core.StandardEngine    : Starting Servlet engine: [Apache Tomcat/10.1.44]
2026-09-09T10:02:40.261+05:30  INFO 61164 --- [Company] [main] o.a.c.c.C.[Tomcat].[localhost].[/]       : Initializing Spring embedded WebApplicationContext
2026-09-09T10:02:40.266+05:30  INFO 61164 --- [Company] [main] w.s.c.ServletWebServerApplicationContext : Root WebApplicationContext: initialization completed in 9045 ms
2026-09-09T10:02:41.354+05:30  INFO 61164 --- [Company] [main] o.hibernate.jpa.internal.util.LogHelper  : HHH000204: Processing PersistenceUnitInfo [name: default]
2026-09-09T10:02:41.635+05:30  INFO 61164 --- [Company] [main] org.hibernate.Version                    : HHH000412: Hibernate ORM core version 6.6.26.Final
2026-09-09T10:02:41.847+05:30  INFO 61164 --- [Company] [main] o.h.c.internal.RegionFactoryInitiator    : HHH000026: Second-level cache disabled
2026-09-09T10:02:43.217+05:30  INFO 61164 --- [Company] [main] o.s.o.j.p.SpringPersistenceUnitInfo      : No LoadTimeWeaver setup: ignoring JPA class transformer
2026-09-09T10:02:43.336+05:30  INFO 61164 --- [Company] [main] com.zaxxer.hikari.HikariDataSource       : CompanyHikariPool - Starting...
2026-09-09T10:02:44.112+05:30  INFO 61164 --- [Company] [main] com.zaxxer.hikari.pool.HikariPool        : CompanyHikariPool - Added connection com.mysql.cj.jdbc.ConnectionImpl@27dc81be
2026-09-09T10:02:44.126+05:30  INFO 61164 --- [Company] [main] com.zaxxer.hikari.HikariDataSource       : CompanyHikariPool - Start completed.
2026-09-09T10:02:44.505+05:30  INFO 61164 --- [Company] [main] org.hibernate.orm.connections.pooling    : HHH10001005: Database info:
	Database JDBC URL [Connecting through datasource 'HikariDataSource (CompanyHikariPool)']
	Database driver: undefined/unknown
	Database version: 8.0.46
	Autocommit mode: undefined/unknown
	Isolation level: undefined/unknown
	Minimum pool size: undefined/unknown
	Maximum pool size: undefined/unknown
2026-09-09T10:02:46.963+05:30  INFO 61164 --- [Company] [main] o.h.e.t.j.p.i.JtaPlatformInitiator       : HHH000489: No JTA platform available (set 'hibernate.transaction.jta.platform' to enable JTA platform integration)
2026-09-09T10:02:47.162+05:30  INFO 61164 --- [Company] [main] j.LocalContainerEntityManagerFactoryBean : Initialized JPA EntityManagerFactory for persistence unit 'default'
2026-09-09T10:02:49.511+05:30  INFO 61164 --- [Company] [main] r$InitializeUserDetailsManagerConfigurer : Global AuthenticationManager configured with UserDetailsService bean with name userDetailsService
2026-09-09T10:02:51.319+05:30  INFO 61164 --- [Company] [main] o.s.b.a.e.web.EndpointLinksResolver      : Exposing 14 endpoints beneath base path '/actuator'
2026-09-09T10:02:53.228+05:30  INFO 61164 --- [Company] [main] o.s.b.w.embedded.tomcat.TomcatWebServer  : Tomcat started on ports 8080 (http), 8081 (http), 8082 (http) with context path '/'
2026-09-09T10:02:53.304+05:30  INFO 61164 --- [Company] [main] com.example.demo.CompanyApplication      : Started CompanyApplication in 24.381 seconds (process running for 25.558)
2026-09-09T10:03:37.913+05:30  INFO 61164 --- [Company] [http-nio-8080-exec-1] o.a.c.c.C.[Tomcat].[localhost].[/]       : Initializing Spring DispatcherServlet 'dispatcherServlet'
2026-09-09T10:03:37.928+05:30  INFO 61164 --- [Company] [http-nio-8080-exec-1] o.s.web.servlet.DispatcherServlet        : Initializing Servlet 'dispatcherServlet'
2026-09-09T10:03:38.044+05:30  INFO 61164 --- [Company] [http-nio-8080-exec-1] o.s.web.servlet.DispatcherServlet        : Completed initialization in 111 ms
2026-09-09T10:20:51.198+05:30  INFO 98432 --- [Company] [main] com.example.demo.CompanyApplication      : Starting CompanyApplication using Java 17.0.12 with PID 98432 (C:\Users\saipr\git\Library\Company\target\classes started by saipr in C:\Users\saipr\git\Library\Company)
2026-09-09T10:20:51.210+05:30 DEBUG 98432 --- [Company] [main] com.example.demo.CompanyApplication      : Running with Spring Boot v3.5.5, Spring v6.2.10
2026-09-09T10:20:51.217+05:30  INFO 98432 --- [Company] [main] com.example.demo.CompanyApplication      : The following 1 profile is active: "dev"
2026-09-09T10:20:58.120+05:30  INFO 98432 --- [Company] [main] .s.d.r.c.RepositoryConfigurationDelegate : Bootstrapping Spring Data JPA repositories in DEFAULT mode.
2026-09-09T10:20:58.601+05:30  INFO 98432 --- [Company] [main] .s.d.r.c.RepositoryConfigurationDelegate : Finished Spring Data repository scanning in 400 ms. Found 1 JPA repository interface.
2026-09-09T10:21:02.676+05:30  INFO 98432 --- [Company] [main] o.s.b.w.embedded.tomcat.TomcatWebServer  : Tomcat initialized with ports 8080 (http), 8081 (http), 8082 (http)
2026-09-09T10:21:02.746+05:30  INFO 98432 --- [Company] [main] o.apache.catalina.core.StandardService   : Starting service [Tomcat]
2026-09-09T10:21:02.748+05:30  INFO 98432 --- [Company] [main] o.apache.catalina.core.StandardEngine    : Starting Servlet engine: [Apache Tomcat/10.1.44]
2026-09-09T10:21:03.090+05:30  INFO 98432 --- [Company] [main] o.a.c.c.C.[Tomcat].[localhost].[/]       : Initializing Spring embedded WebApplicationContext
2026-09-09T10:21:03.092+05:30  INFO 98432 --- [Company] [main] w.s.c.ServletWebServerApplicationContext : Root WebApplicationContext: initialization completed in 11595 ms
2026-09-09T10:21:05.076+05:30  INFO 98432 --- [Company] [main] o.hibernate.jpa.internal.util.LogHelper  : HHH000204: Processing PersistenceUnitInfo [name: default]
2026-09-09T10:21:05.593+05:30  INFO 98432 --- [Company] [main] org.hibernate.Version                    : HHH000412: Hibernate ORM core version 6.6.26.Final
2026-09-09T10:21:05.883+05:30  INFO 98432 --- [Company] [main] o.h.c.internal.RegionFactoryInitiator    : HHH000026: Second-level cache disabled
2026-09-09T10:21:08.076+05:30  INFO 98432 --- [Company] [main] o.s.o.j.p.SpringPersistenceUnitInfo      : No LoadTimeWeaver setup: ignoring JPA class transformer
2026-09-09T10:21:08.287+05:30  INFO 98432 --- [Company] [main] com.zaxxer.hikari.HikariDataSource       : CompanyHikariPool - Starting...
2026-09-09T10:21:09.895+05:30  INFO 98432 --- [Company] [main] com.zaxxer.hikari.pool.HikariPool        : CompanyHikariPool - Added connection com.mysql.cj.jdbc.ConnectionImpl@1f3f434
2026-09-09T10:21:09.906+05:30  INFO 98432 --- [Company] [main] com.zaxxer.hikari.HikariDataSource       : CompanyHikariPool - Start completed.
2026-09-09T10:21:10.457+05:30  INFO 98432 --- [Company] [main] org.hibernate.orm.connections.pooling    : HHH10001005: Database info:
	Database JDBC URL [Connecting through datasource 'HikariDataSource (CompanyHikariPool)']
	Database driver: undefined/unknown
	Database version: 8.0.46
	Autocommit mode: undefined/unknown
	Isolation level: undefined/unknown
	Minimum pool size: undefined/unknown
	Maximum pool size: undefined/unknown
2026-09-09T10:21:14.794+05:30  INFO 98432 --- [Company] [main] o.h.e.t.j.p.i.JtaPlatformInitiator       : HHH000489: No JTA platform available (set 'hibernate.transaction.jta.platform' to enable JTA platform integration)
2026-09-09T10:21:15.288+05:30  INFO 98432 --- [Company] [main] j.LocalContainerEntityManagerFactoryBean : Initialized JPA EntityManagerFactory for persistence unit 'default'
2026-09-09T10:21:19.565+05:30  INFO 98432 --- [Company] [main] r$InitializeUserDetailsManagerConfigurer : Global AuthenticationManager configured with UserDetailsService bean with name userDetailsService
2026-09-09T10:21:22.336+05:30  INFO 98432 --- [Company] [main] o.s.b.a.e.web.EndpointLinksResolver      : Exposing 14 endpoints beneath base path '/actuator'
2026-09-09T10:21:25.946+05:30  WARN 98432 --- [Company] [main] ConfigServletWebServerApplicationContext : Exception encountered during context initialization - cancelling refresh attempt: org.springframework.context.ApplicationContextException: Failed to start bean 'webServerStartStop'
2026-09-09T10:21:26.004+05:30  INFO 98432 --- [Company] [main] j.LocalContainerEntityManagerFactoryBean : Closing JPA EntityManagerFactory for persistence unit 'default'
2026-09-09T10:21:26.034+05:30  INFO 98432 --- [Company] [main] com.zaxxer.hikari.HikariDataSource       : CompanyHikariPool - Shutdown initiated...
2026-09-09T10:21:26.119+05:30  INFO 98432 --- [Company] [main] com.zaxxer.hikari.HikariDataSource       : CompanyHikariPool - Shutdown completed.
2026-09-09T10:21:26.334+05:30  INFO 98432 --- [Company] [main] .s.b.a.l.ConditionEvaluationReportLogger : 

Error starting ApplicationContext. To display the condition evaluation report re-run your application with 'debug' enabled.
2026-09-09T10:21:26.500+05:30 ERROR 98432 --- [Company] [main] o.s.b.d.LoggingFailureAnalysisReporter   : 

***************************
APPLICATION FAILED TO START
***************************

Description:

Web server failed to start. Port 8080 was already in use.

Action:

Identify and stop the process that's listening on port 8080 or configure this application to listen on another port.

2026-09-09T10:23:25.549+05:30  INFO 91752 --- [Company] [main] com.example.demo.CompanyApplication      : Starting CompanyApplication using Java 17.0.12 with PID 91752 (C:\Users\saipr\git\Library\Company\target\classes started by saipr in C:\Users\saipr\git\Library\Company)
2026-09-09T10:23:25.559+05:30 DEBUG 91752 --- [Company] [main] com.example.demo.CompanyApplication      : Running with Spring Boot v3.5.5, Spring v6.2.10
2026-09-09T10:23:25.564+05:30  INFO 91752 --- [Company] [main] com.example.demo.CompanyApplication      : The following 1 profile is active: "dev"
2026-09-09T10:23:31.004+05:30  INFO 91752 --- [Company] [main] .s.d.r.c.RepositoryConfigurationDelegate : Bootstrapping Spring Data JPA repositories in DEFAULT mode.
2026-09-09T10:23:31.439+05:30  INFO 91752 --- [Company] [main] .s.d.r.c.RepositoryConfigurationDelegate : Finished Spring Data repository scanning in 369 ms. Found 1 JPA repository interface.
2026-09-09T10:23:34.569+05:30  INFO 91752 --- [Company] [main] o.s.b.w.embedded.tomcat.TomcatWebServer  : Tomcat initialized with ports 8080 (http), 8081 (http), 8082 (http)
2026-09-09T10:23:34.632+05:30  INFO 91752 --- [Company] [main] o.apache.catalina.core.StandardService   : Starting service [Tomcat]
2026-09-09T10:23:34.634+05:30  INFO 91752 --- [Company] [main] o.apache.catalina.core.StandardEngine    : Starting Servlet engine: [Apache Tomcat/10.1.44]
2026-09-09T10:23:34.935+05:30  INFO 91752 --- [Company] [main] o.a.c.c.C.[Tomcat].[localhost].[/]       : Initializing Spring embedded WebApplicationContext
2026-09-09T10:23:34.937+05:30  INFO 91752 --- [Company] [main] w.s.c.ServletWebServerApplicationContext : Root WebApplicationContext: initialization completed in 9147 ms
2026-09-09T10:23:36.279+05:30  INFO 91752 --- [Company] [main] o.hibernate.jpa.internal.util.LogHelper  : HHH000204: Processing PersistenceUnitInfo [name: default]
2026-09-09T10:23:36.601+05:30  INFO 91752 --- [Company] [main] org.hibernate.Version                    : HHH000412: Hibernate ORM core version 6.6.26.Final
2026-09-09T10:23:36.786+05:30  INFO 91752 --- [Company] [main] o.h.c.internal.RegionFactoryInitiator    : HHH000026: Second-level cache disabled
2026-09-09T10:23:38.215+05:30  INFO 91752 --- [Company] [main] o.s.o.j.p.SpringPersistenceUnitInfo      : No LoadTimeWeaver setup: ignoring JPA class transformer
2026-09-09T10:23:38.403+05:30  INFO 91752 --- [Company] [main] com.zaxxer.hikari.HikariDataSource       : CompanyHikariPool - Starting...
2026-09-09T10:23:39.284+05:30  INFO 91752 --- [Company] [main] com.zaxxer.hikari.pool.HikariPool        : CompanyHikariPool - Added connection com.mysql.cj.jdbc.ConnectionImpl@3c3cd7a5
2026-09-09T10:23:39.298+05:30  INFO 91752 --- [Company] [main] com.zaxxer.hikari.HikariDataSource       : CompanyHikariPool - Start completed.
2026-09-09T10:23:39.711+05:30  INFO 91752 --- [Company] [main] org.hibernate.orm.connections.pooling    : HHH10001005: Database info:
	Database JDBC URL [Connecting through datasource 'HikariDataSource (CompanyHikariPool)']
	Database driver: undefined/unknown
	Database version: 8.0.46
	Autocommit mode: undefined/unknown
	Isolation level: undefined/unknown
	Minimum pool size: undefined/unknown
	Maximum pool size: undefined/unknown
2026-09-09T10:23:42.001+05:30  INFO 91752 --- [Company] [main] o.h.e.t.j.p.i.JtaPlatformInitiator       : HHH000489: No JTA platform available (set 'hibernate.transaction.jta.platform' to enable JTA platform integration)
2026-09-09T10:23:42.139+05:30  INFO 91752 --- [Company] [main] j.LocalContainerEntityManagerFactoryBean : Initialized JPA EntityManagerFactory for persistence unit 'default'
2026-09-09T10:23:44.315+05:30  INFO 91752 --- [Company] [main] r$InitializeUserDetailsManagerConfigurer : Global AuthenticationManager configured with UserDetailsService bean with name userDetailsService
2026-09-09T10:23:45.982+05:30  INFO 91752 --- [Company] [main] o.s.b.a.e.web.EndpointLinksResolver      : Exposing 14 endpoints beneath base path '/actuator'
2026-09-09T10:23:48.300+05:30  INFO 91752 --- [Company] [main] o.s.b.w.embedded.tomcat.TomcatWebServer  : Tomcat started on ports 8080 (http), 8081 (http), 8082 (http) with context path '/'
2026-09-09T10:23:48.364+05:30  INFO 91752 --- [Company] [main] com.example.demo.CompanyApplication      : Started CompanyApplication in 24.543 seconds (process running for 25.714)
2026-09-09T10:25:24.449+05:30  INFO 91752 --- [Company] [http-nio-8080-exec-1] o.a.c.c.C.[Tomcat].[localhost].[/]       : Initializing Spring DispatcherServlet 'dispatcherServlet'
2026-09-09T10:25:24.472+05:30  INFO 91752 --- [Company] [http-nio-8080-exec-1] o.s.web.servlet.DispatcherServlet        : Initializing Servlet 'dispatcherServlet'
2026-09-09T10:25:24.576+05:30  INFO 91752 --- [Company] [http-nio-8080-exec-1] o.s.web.servlet.DispatcherServlet        : Completed initialization in 102 ms
